(delay (lam case_True_31 (lam case_False_32 case_False_32)))