(delay (lam case_True_139 (lam case_False_140 case_True_139)))