(delay (lam case_True_60 (lam case_False_61 case_True_60)))