(delay (lam case_True_275 (lam case_False_276 case_True_275)))