(delay (lam case_True_338 (lam case_False_339 case_True_338)))