(delay (lam case_True_264 (lam case_False_265 case_True_264)))