(delay (lam case_True_171 (lam case_False_172 case_True_171)))