(delay (lam case_True_126 (lam case_False_127 case_True_126)))