(delay (lam case_True_192 (lam case_False_193 case_True_192)))