(delay (lam case_True_85 (lam case_False_86 case_True_85)))