(delay (lam case_True_1579 (lam case_False_1580 case_False_1580)))