(program 1.0.0
  [
    [
      (lam
        AType_i0
        (lam
          AType_match_i0
          [
            [
              [
                (lam
                  True_i0
                  (lam
                    False_i0
                    (lam
                      Bool_match_i0
                      [
                        (lam
                          c_i0
                          [
                            [
                              [
                                (lam
                                  Nil_i0
                                  (lam
                                    Cons_i0
                                    (lam
                                      Nil_match_i0
                                      [
                                        (lam
                                          cfromString_i0
                                          [
                                            (lam
                                              fIsStringAType_i0
                                              [
                                                (lam
                                                  fromString_i0
                                                  [
                                                    [
                                                      (lam
                                                        Unit_i0
                                                        (lam
                                                          Unit_match_i0
                                                          (lam
                                                            x_i0
                                                            [
                                                              [
                                                                [
                                                                  (force
                                                                    [
                                                                      Bool_match_i11
                                                                      [
                                                                        [
                                                                          c_i10
                                                                          x_i1
                                                                        ]
                                                                        [
                                                                          [
                                                                            (force
                                                                              fromString_i4
                                                                            )
                                                                            [
                                                                              fIsStringAType_i5
                                                                              (delay
                                                                                (lam
                                                                                  x_i0
                                                                                  x_i1
                                                                                )
                                                                              )
                                                                            ]
                                                                          ]
                                                                          [
                                                                            [
                                                                              (force
                                                                                Cons_i8
                                                                              )
                                                                              (con
                                                                                char
                                                                                  'a'
                                                                              )
                                                                            ]
                                                                            [
                                                                              [
                                                                                (force
                                                                                  Cons_i8
                                                                                )
                                                                                (con
                                                                                  char
                                                                                    'b'
                                                                                )
                                                                              ]
                                                                              [
                                                                                [
                                                                                  (force
                                                                                    Cons_i8
                                                                                  )
                                                                                  (con
                                                                                    char
                                                                                      'c'
                                                                                  )
                                                                                ]
                                                                                (force
                                                                                  Nil_i9
                                                                                )
                                                                              ]
                                                                            ]
                                                                          ]
                                                                        ]
                                                                      ]
                                                                    ]
                                                                  )
                                                                  (lam
                                                                    thunk_i0
                                                                    [
                                                                      [
                                                                        (force
                                                                          fromString_i5
                                                                        )
                                                                        [
                                                                          fIsStringAType_i6
                                                                          (delay
                                                                            (lam
                                                                              x_i0
                                                                              x_i1
                                                                            )
                                                                          )
                                                                        ]
                                                                      ]
                                                                      (force
                                                                        Nil_i10
                                                                      )
                                                                    ]
                                                                  )
                                                                ]
                                                                (lam
                                                                  thunk_i0 x_i2
                                                                )
                                                              ]
                                                              Unit_i3
                                                            ]
                                                          )
                                                        )
                                                      )
                                                      (delay
                                                        (lam
                                                          case_Unit_i0
                                                          case_Unit_i1
                                                        )
                                                      )
                                                    ]
                                                    (lam x_i0 x_i1)
                                                  ]
                                                )
                                                (delay (lam v_i0 v_i1))
                                              ]
                                            )
                                            (lam arg_i0 cfromString_i2)
                                          ]
                                        )
                                        (lam ds_i0 AType_i10)
                                      ]
                                    )
                                  )
                                )
                                (delay
                                  (delay
                                    (lam
                                      case_Nil_i0 (lam case_Cons_i0 case_Nil_i2)
                                    )
                                  )
                                )
                              ]
                              (delay
                                (lam
                                  arg_0_i0
                                  (lam
                                    arg_1_i0
                                    (delay
                                      (lam
                                        case_Nil_i0
                                        (lam
                                          case_Cons_i0
                                          [ [ case_Cons_i1 arg_0_i4 ] arg_1_i3 ]
                                        )
                                      )
                                    )
                                  )
                                )
                              )
                            ]
                            (delay (lam x_i0 x_i1))
                          ]
                        )
                        (lam
                          ds_i0
                          (lam
                            ds_i0
                            [
                              (force [ AType_match_i6 ds_i2 ])
                              [ (force [ AType_match_i6 ds_i1 ]) True_i5 ]
                            ]
                          )
                        )
                      ]
                    )
                  )
                )
                (delay (lam case_True_i0 (lam case_False_i0 case_True_i2)))
              ]
              (delay (lam case_True_i0 (lam case_False_i0 case_False_i1)))
            ]
            (lam x_i0 x_i1)
          ]
        )
      )
      (delay (lam case_AType_i0 case_AType_i1))
    ]
    (lam x_i0 x_i1)
  ]
)