(delay (lam case_True_42 (lam case_False_43 case_True_42)))