(delay (lam case_Just_83 (lam case_Nothing_84 [ case_Just_83 (con integer 1) ]))
)