(let
  (nonrec)
  (typebind (tyvardecl a (type)) (con integer))
  (typebind (tyvardecl b (type)) (con integer))
  (lam z a [ (lam x b x) (con integer 1) ])
)