(delay (lam case_True_46 (lam case_False_47 case_True_46)))